// Jest Snapshot v1, https://goo.gl/fbAQLP

exports[`App App should match snapshot 1`] = `
<div
  className="root container-fluid"
>
  <div
    className="card p-4 weatherWidget"
  >
    <div
      className="row no-gutters my-4"
    >
      <LocationSearchForm
        isLoading={false}
        onSubmit={[Function]}
      />
    </div>
    <div
      className="row no-gutters mb-4"
    />
    <div
      className="row no-gutters mb-4"
    >
      <ForecastList
        consolidatedWeathers={Array []}
        setCurrentWeather={[Function]}
      />
    </div>
  </div>
</div>
`;

exports[`App renderCurrentWeatherInfo should render correctly and have data 1`] = `
<div>
  <div
    className="col"
  >
    <h4>
      Ho Chi Minh City
    </h4>
    <h5>
      Heavy Rain
    </h5>
    <h6>
      Thursday
    </h6>
    <h1>
      32
      ℃
    </h1>
  </div>
</div>
`;

exports[`App renderCurrentWeatherInfo should render correctly and no data 1`] = `<div />`;

exports[`App renderError should render null 1`] = `<div />`;

exports[`App renderError should renderError 1`] = `
<div>
  <div
    className="row no-gutters mb-4"
  >
    <Alert
      message="MockError"
    />
  </div>
</div>
`;

exports[`App renderWeatherStateImage should render correctly and have image 1`] = `
<div>
  <div
    className="col text-center"
  >
    <img
      alt="hr"
      className="weatherStateImage"
      src="/static/img/weather/hr.svg"
    />
  </div>
</div>
`;

exports[`App renderWeatherStateImage should render correctly and return null 1`] = `<div />`;
