// Jest Snapshot v1, https://goo.gl/fbAQLP

exports[`App should match snapshot 1`] = `
<div
  className="container"
>
  <div
    className="row"
  >
    <LocationSearchForm />
  </div>
  <div
    className="row"
  />
  <div
    className="row"
  />
  <div
    className="row"
  />
  <ForecastItem
    consolidatedWeather={
      Object {
        "air_pressure": 1008.5,
        "applicable_date": "2020-09-22",
        "created": "2020-09-22T15:20:01.480287Z",
        "humidity": 51,
        "id": 6547671268458496,
        "max_temp": 24,
        "min_temp": 14.78,
        "predictability": 70,
        "the_temp": 24.035,
        "visibility": 9.400414081762506,
        "weather_state_abbr": "lc",
        "weather_state_name": "Light Cloud",
        "wind_direction": 217.66164574425014,
        "wind_direction_compass": "SW",
        "wind_speed": 5.706272015681752,
      }
    }
  />
</div>
`;
